[dotenv@17.2.2] injecting env (6) from server\.env -- tip: ⚙️  load multiple .env files with { path: ['.env.local', '.env'] }
MongoDB Ansluten: ac-mpugmbm-shard-00-01.wskxny1.mongodb.net
Servern körs på http://localhost:5000
En användare anslöt med ID: 5XLLoYspUKFH45SwAAAB
User Lordofdart (68cff9d16db4ba5d13fa0091) is online with socket 5XLLoYspUKFH45SwAAAB
User Lordofdart (68cff9d16db4ba5d13fa0091) is online with socket 5XLLoYspUKFH45SwAAAB
User Lordofdart (68cff9d16db4ba5d13fa0091) is online with socket 5XLLoYspUKFH45SwAAAB
User Lordofdart (68cff9d16db4ba5d13fa0091) is online with socket 5XLLoYspUKFH45SwAAAB
User Lordofdart (68cff9d16db4ba5d13fa0091) is online with socket 5XLLoYspUKFH45SwAAAB
Användare 5XLLoYspUKFH45SwAAAB kopplade från.
User 68cff9d16db4ba5d13fa0091 is now offline.
En användare anslöt med ID: kTzQqr7zqCLiI5sKAAAD
User Lordofdart (68cff9d16db4ba5d13fa0091) is online with socket kTzQqr7zqCLiI5sKAAAD
User Lordofdart (68cff9d16db4ba5d13fa0091) is online with socket kTzQqr7zqCLiI5sKAAAD
User Lordofdart (68cff9d16db4ba5d13fa0091) is online with socket kTzQqr7zqCLiI5sKAAAD
User Lordofdart (68cff9d16db4ba5d13fa0091) is online with socket kTzQqr7zqCLiI5sKAAAD
User Lordofdart (68cff9d16db4ba5d13fa0091) is online with socket kTzQqr7zqCLiI5sKAAAD
--- DETAILED ERROR: START TOURNAMENT MATCH ---
Time: 2025-10-10T16:13:51.010Z
Tournament ID: 68e92f54189216f578dff6e2
Match ID: 68e92f61189216f578dff71d
Error Object: ReferenceError: initializeAndStartGame is not defined
    at Socket.<anonymous> (c:\Users\willi\world-online-dart\server\server.js:565:7)
    at process.processTicksAndRejections (node:internal/process/task_queues:105:5)
--- END DETAILED ERROR ---
--- DETAILED ERROR: START TOURNAMENT MATCH ---
Time: 2025-10-10T16:14:04.354Z
Tournament ID: 68e92f54189216f578dff6e2
Match ID: 68e92f61189216f578dff71d
Error Object: ReferenceError: initializeAndStartGame is not defined
    at Socket.<anonymous> (c:\Users\willi\world-online-dart\server\server.js:565:7)
    at process.processTicksAndRejections (node:internal/process/task_queues:105:5)
--- END DETAILED ERROR ---
--- DETAILED ERROR: START TOURNAMENT MATCH ---
Time: 2025-10-10T16:14:09.179Z
Tournament ID: 68e92f54189216f578dff6e2
Match ID: 68e92f61189216f578dff71d
Error Object: ReferenceError: initializeAndStartGame is not defined
    at Socket.<anonymous> (c:\Users\willi\world-online-dart\server\server.js:565:7)
    at process.processTicksAndRejections (node:internal/process/task_queues:105:5)
--- END DETAILED ERROR ---
--- DETAILED ERROR: START TOURNAMENT MATCH ---
Time: 2025-10-10T16:14:38.302Z
Tournament ID: 68e92f54189216f578dff6e2
Match ID: 68e92f61189216f578dff71d
Error Object: ReferenceError: initializeAndStartGame is not defined
    at Socket.<anonymous> (c:\Users\willi\world-online-dart\server\server.js:565:7)
    at process.processTicksAndRejections (node:internal/process/task_queues:105:5)
--- END DETAILED ERROR ---
User Lordofdart (68cff9d16db4ba5d13fa0091) is online with socket kTzQqr7zqCLiI5sKAAAD
Användare kTzQqr7zqCLiI5sKAAAD kopplade från.
User 68cff9d16db4ba5d13fa0091 is now offline.
Spelare En spelare (kTzQqr7zqCLiI5sKAAAD) lämnade spel 68e92f61189216f578dff71d. Städar upp.
En användare anslöt med ID: v7dgEDnhTOOg4BOlAAAF
User Lordofdart (68cff9d16db4ba5d13fa0091) is online with socket v7dgEDnhTOOg4BOlAAAF
User Lordofdart (68cff9d16db4ba5d13fa0091) is online with socket v7dgEDnhTOOg4BOlAAAF
Användare v7dgEDnhTOOg4BOlAAAF kopplade från.
En användare anslöt med ID: Jk9ajRMP3xvr6ZOzAAAH
User 68cff9d16db4ba5d13fa0091 is now offline.
User Lordofdart (68cff9d16db4ba5d13fa0091) is online with socket Jk9ajRMP3xvr6ZOzAAAH
User Lordofdart (68cff9d16db4ba5d13fa0091) is online with socket Jk9ajRMP3xvr6ZOzAAAH
User Lordofdart (68cff9d16db4ba5d13fa0091) is online with socket Jk9ajRMP3xvr6ZOzAAAH
User Lordofdart (68cff9d16db4ba5d13fa0091) is online with socket Jk9ajRMP3xvr6ZOzAAAH
User Lordofdart (68cff9d16db4ba5d13fa0091) is online with socket Jk9ajRMP3xvr6ZOzAAAH
User Lordofdart (68cff9d16db4ba5d13fa0091) is online with socket Jk9ajRMP3xvr6ZOzAAAH
User Lordofdart (68cff9d16db4ba5d13fa0091) is online with socket Jk9ajRMP3xvr6ZOzAAAH
User Lordofdart (68cff9d16db4ba5d13fa0091) is online with socket Jk9ajRMP3xvr6ZOzAAAH
User Lordofdart (68cff9d16db4ba5d13fa0091) is online with socket Jk9ajRMP3xvr6ZOzAAAH
User Lordofdart (68cff9d16db4ba5d13fa0091) is online with socket Jk9ajRMP3xvr6ZOzAAAH
User Lordofdart (68cff9d16db4ba5d13fa0091) is online with socket Jk9ajRMP3xvr6ZOzAAAH
User Lordofdart (68cff9d16db4ba5d13fa0091) is online with socket Jk9ajRMP3xvr6ZOzAAAH
--- DETAILED ERROR: START TOURNAMENT MATCH ---
Time: 2025-10-10T16:29:04.319Z
Tournament ID: 68e9343b15b6e157da02a9fc
Match ID: 68e9344615b6e157da02aa3f
Error Object: ReferenceError: initializeAndStartGame is not defined
    at Socket.<anonymous> (c:\Users\willi\world-online-dart\server\server.js:565:7)
    at process.processTicksAndRejections (node:internal/process/task_queues:105:5)
--- END DETAILED ERROR ---
